******************************************************************************
                  TI ARM Linker PC v5.0.4                      
******************************************************************************
>> Linked Wed Apr 15 17:32:17 2015

OUTPUT FILE NAME:   <freertos_t00.out>
ENTRY POINT SYMBOL: "_c_int00"  address: 00001001


MEMORY CONFIGURATION

         name            origin    length      used     unused   attr    fill
----------------------  --------  ---------  --------  --------  ----  --------
  FLASH                 00000000   00040000  00001540  0003eac0  R  X
  SRAM                  20000000   00008000  00007948  000006b8  RW X


SEGMENT ALLOCATION MAP

run origin  load origin   length   init length attrs members
----------  ----------- ---------- ----------- ----- -------
00000000    00000000    00001548   00001548    r-x
  00000000    00000000    0000026c   0000026c    r-- .intvecs
  0000026c    0000026c    0000124a   0000124a    r-x .text
  000014b8    000014b8    00000042   00000042    r-- .const
  00001500    00001500    00000048   00000048    r-- .cinit
20000000    20000000    000078ec   00000000    rw-
  20000000    20000000    000076ec   00000000    rw- .bss
  200076ec    200076ec    00000200   00000000    rw- .stack
200078ec    200078ec    0000005c   0000005c    rw-
  200078ec    200078ec    0000005c   0000005c    rw- .data


SECTION ALLOCATION MAP

 output                                  attributes/
section   page    origin      length       input sections
--------  ----  ----------  ----------   ----------------
.intvecs   0    00000000    0000026c     
                  00000000    0000026c     startup_ccs.obj (.intvecs)

.init_array 
*          0    00000000    00000000     UNINITIALIZED

.text      0    0000026c    0000124a     
                  0000026c    000001ea     uartstdio.obj (.text:UARTvprintf)
                  00000456    00000002     startup_ccs.obj (.text:FaultISR)
                  00000458    00000118     tasks.obj (.text:xTaskIncrementTick)
                  00000570    000000e8     freertos_t01.obj (.text:main)
                  00000658    000000d8     tasks.obj (.text:xTaskGenericCreate)
                  00000730    000000d0     tasks.obj (.text:xTaskResumeAll)
                  00000800    000000ac     heap_2.obj (.text:pvPortMalloc)
                  000008ac    000000a6     portasm.obj (.text)
                  00000952    0000009c     rtsv7M4_T_le_v4SPD16_eabi.lib : memcpy_t2.obj (.text)
                  000009ee    00000002     startup_ccs.obj (.text:IntDefaultHandler)
                  000009f0    0000009c     tasks.obj (.text:vTaskSwitchContext)
                  00000a8c    00000098     uartstdio.obj (.text:UARTgets)
                  00000b24    00000094     rtsv7M4_T_le_v4SPD16_eabi.lib : auto_init.obj (.text)
                  00000bb8    00000078                                   : memset_t2.obj (.text)
                  00000c30    00000070     tasks.obj (.text:xTaskRemoveFromEventList)
                  00000ca0    00000064     queue.obj (.text:xQueueGenericReset)
                  00000d04    00000060     tasks.obj (.text:prvInitialiseTaskLists)
                  00000d64    0000005e     rtsv7M4_T_le_v4SPD16_eabi.lib : copy_decompress_rle.obj (.text)
                  00000dc2    00000002     startup_ccs.obj (.text:NmiSR)
                  00000dc4    0000005c     freertos_t01.obj (.text:ConfigureUART)
                  00000e20    00000058     uartstdio.obj (.text:UARTStdioConfig)
                  00000e78    00000058     tasks.obj (.text:prvCheckTasksWaitingTermination)
                  00000ed0    0000004e     tasks.obj (.text:prvInitialiseTCBVariables)
                  00000f1e    00000002     freertos_t01.obj (.text:vApplicationStackOverflowHook)
                  00000f20    0000004c     tasks.obj (.text:prvAddCurrentTaskToDelayedList)
                  00000f6c    0000004c     queue.obj (.text:xQueueGenericCreate)
                  00000fb8    00000048     uartstdio.obj (.text:UARTwrite)
                  00001000    00000048     rtsv7M4_T_le_v4SPD16_eabi.lib : boot.obj (.text)
                  00001048    00000048     tasks.obj (.text:vTaskStartScheduler)
                  00001090    00000044     rtsv7M4_T_le_v4SPD16_eabi.lib : cpy_tbl.obj (.text)
                  000010d4    00000044     heap_2.obj (.text:vPortFree)
                  00001118    00000042     rtsv7M4_T_le_v4SPD16_eabi.lib : u_divt2.obj (.text)
                  0000115a    00000002     --HOLE-- [fill = 0]
                  0000115c    00000040                                   : exit.obj (.text)
                  0000119c    00000040     port.obj (.text:xPortStartScheduler)
                  000011dc    0000003a     tasks.obj (.text:prvAllocateTCBAndStack)
                  00001216    00000038     list.obj (.text:vListInsert)
                  0000124e    00000002     --HOLE-- [fill = 0]
                  00001250    00000034     tasks.obj (.text:vTaskDelay)
                  00001284    00000030     heap_2.obj (.text:prvHeapInit)
                  000012b4    0000002b     freertos_t01.obj (.text:my_task1)
                  000012df    00000001     --HOLE-- [fill = 0]
                  000012e0    0000002b     freertos_t01.obj (.text:my_task2)
                  0000130b    00000001     --HOLE-- [fill = 0]
                  0000130c    00000022     port.obj (.text:pxPortInitialiseStack)
                  0000132e    00000022     rtsv7M4_T_le_v4SPD16_eabi.lib : memcmp.obj (.text)
                  00001350    00000022     list.obj (.text:uxListRemove)
                  00001372    00000002     --HOLE-- [fill = 0]
                  00001374    0000001c     port.obj (.text:xPortSysTickHandler)
                  00001390    0000001a     uartstdio.obj (.text:UARTprintf)
                  000013aa    00000002     --HOLE-- [fill = 0]
                  000013ac    00000018     rtsv7M4_T_le_v4SPD16_eabi.lib : args_main.obj (.text)
                  000013c4    00000018     list.obj (.text:vListInsertEnd)
                  000013dc    00000016     list.obj (.text:vListInitialise)
                  000013f2    00000002     --HOLE-- [fill = 0]
                  000013f4    00000014     port.obj (.text:prvSetupTimerInterrupt)
                  00001408    00000014     rtsv7M4_T_le_v4SPD16_eabi.lib : _lock.obj (.text)
                  0000141c    00000014     port.obj (.text:vPortEnterCritical)
                  00001430    00000014     port.obj (.text:vPortExitCritical)
                  00001444    00000012     rtsv7M4_T_le_v4SPD16_eabi.lib : copy_zero_init.obj (.text:decompress:ZI)
                  00001456    00000012     tasks.obj (.text:prvDeleteTCB)
                  00001468    00000010     port.obj (.text:vPortYield)
                  00001478    00000010     tasks.obj (.text:vTaskSuspendAll)
                  00001488    0000000e     rtsv7M4_T_le_v4SPD16_eabi.lib : copy_decompress_none.obj (.text:decompress:none)
                  00001496    00000008     tasks.obj (.text:prvIdleTask)
                  0000149e    00000006     startup_ccs.obj (.text:ResetISR)
                  000014a4    00000006     driverlib.lib : uart.obj (.text:UARTClockSourceSet)
                  000014aa    00000006     rtsv7M4_T_le_v4SPD16_eabi.lib : copy_decompress_rle.obj (.text:decompress:rle24)
                  000014b0    00000006     list.obj (.text:vListInitialiseItem)

.const     0    000014b8    00000042     
                  000014b8    0000001c     uartstdio.obj (.const)
                  000014d4    00000014     tasks.obj (.const:.string)
                  000014e8    00000012     uartstdio.obj (.const:.string)

.cinit     0    00001500    00000048     
                  00001500    00000020     (.cinit..data.load) [load image, compression = rle]
                  00001520    0000000c     (__TI_handler_table)
                  0000152c    00000004     --HOLE-- [fill = 0]
                  00001530    00000008     (.cinit..bss.load) [load image, compression = zero_init]
                  00001538    00000010     (__TI_cinit_table)

.bss       0    20000000    000076ec     UNINITIALIZED
                  20000000    00007530     heap_2.obj (.bss:ucHeap)
                  20007530    00000140     tasks.obj (.bss:pxReadyTasksLists)
                  20007670    0000006c     tasks.obj (.bss)
                  200076dc    00000010     heap_2.obj (.bss)

.stack     0    200076ec    00000200     UNINITIALIZED
                  200076ec    00000200     --HOLE--

.data      0    200078ec    0000005c     
                  200078ec    00000030     tasks.obj (.data)
                  2000791c    00000008     heap_2.obj (.data)
                  20007924    00000008     rtsv7M4_T_le_v4SPD16_eabi.lib : _lock.obj (.data)
                  2000792c    00000008                                   : exit.obj (.data)
                  20007934    00000005     uartstdio.obj (.data)
                  20007939    00000003     --HOLE--
                  2000793c    00000004     freertos_t01.obj (.data)
                  20007940    00000004     port.obj (.data)
                  20007944    00000004     rtsv7M4_T_le_v4SPD16_eabi.lib : stkdepth_vars.obj (.data)


LINKER GENERATED COPY TABLES

__TI_cinit_table @ 00001538 records: 2, size/record: 8, table size: 16
	.data: load addr=00001500, load size=00000020 bytes, run addr=200078ec, run size=0000005c bytes, compression=rle
	.bss: load addr=00001530, load size=00000008 bytes, run addr=20000000, run size=000076ec bytes, compression=zero_init


LINKER GENERATED HANDLER TABLE

__TI_handler_table @ 00001520 records: 3, size/record: 4, table size: 12
	index: 0, handler: __TI_decompress_rle24
	index: 1, handler: __TI_decompress_none
	index: 2, handler: __TI_zero_init


GLOBAL SYMBOLS: SORTED ALPHABETICALLY BY Name 

address    name
--------   ----
0000115d   C$$EXIT
00000dc5   ConfigureUART
2000793c   Global_Queue_Handle
0000149f   ResetISR
UNDEFED    SHT$$INIT_ARRAY$$Base
UNDEFED    SHT$$INIT_ARRAY$$Limit
000014a5   UARTClockSourceSet
00000e21   UARTStdioConfig
00000a8d   UARTgets
00001391   UARTprintf
0000026d   UARTvprintf
00000fb9   UARTwrite
200078ec   __STACK_END
00000200   __STACK_SIZE
200078ec   __STACK_TOP
00001538   __TI_CINIT_Base
00001548   __TI_CINIT_Limit
00001520   __TI_Handler_Table_Base
0000152c   __TI_Handler_Table_Limit
00000001   __TI_args_main
00000b25   __TI_auto_init
00001489   __TI_decompress_none
000014ab   __TI_decompress_rle24
00000000   __TI_static_base__
00001445   __TI_zero_init
00000bb9   __aeabi_memclr
00000bb9   __aeabi_memclr4
00000bb9   __aeabi_memclr8
00000953   __aeabi_memcpy
00000953   __aeabi_memcpy4
00000953   __aeabi_memcpy8
00000bbb   __aeabi_memset
00000bbb   __aeabi_memset4
00000bbb   __aeabi_memset8
00001119   __aeabi_uidivmod
ffffffff   __binit__
ffffffff   __c_args__
200076ec   __stack
000013ad   _args_main
00001001   _c_int00
2000792c   _cleanup_ptr
20007930   _dtors_ptr
20007924   _lock
00001417   _nop
0000140f   _register_lock
00001409   _register_unlock
20007928   _unlock
00001161   abort
ffffffff   binit
00001091   copy_in
00001169   exit
00000000   g_pfnVectors
00000571   main
20007944   main_func_sp
0000132f   memcmp
00000953   memcpy
00000bc1   memset
000012b5   my_task1
000012e1   my_task2
00000801   pvPortMalloc
200078ec   pxCurrentTCB
0000130d   pxPortInitialiseStack
00001351   uxListRemove
00000f1f   vApplicationStackOverflowHook
000013dd   vListInitialise
000014b1   vListInitialiseItem
00001217   vListInsert
000013c5   vListInsertEnd
00000909   vPortClearInterruptMask
00000941   vPortEnableVFP
0000141d   vPortEnterCritical
00001431   vPortExitCritical
000010d5   vPortFree
00000913   vPortSVCHandler
000008ff   vPortSetInterruptMask
0000092d   vPortStartFirstTask
00001469   vPortYield
00001251   vTaskDelay
00001049   vTaskStartScheduler
00001479   vTaskSuspendAll
000009f1   vTaskSwitchContext
000008b1   xPortPendSVHandler
0000119d   xPortStartScheduler
00001375   xPortSysTickHandler
00000f6d   xQueueGenericCreate
00000ca1   xQueueGenericReset
00000659   xTaskGenericCreate
00000459   xTaskIncrementTick
00000c31   xTaskRemoveFromEventList
00000731   xTaskResumeAll


GLOBAL SYMBOLS: SORTED BY Symbol Address 

address    name
--------   ----
00000000   __TI_static_base__
00000000   g_pfnVectors
00000001   __TI_args_main
00000200   __STACK_SIZE
0000026d   UARTvprintf
00000459   xTaskIncrementTick
00000571   main
00000659   xTaskGenericCreate
00000731   xTaskResumeAll
00000801   pvPortMalloc
000008b1   xPortPendSVHandler
000008ff   vPortSetInterruptMask
00000909   vPortClearInterruptMask
00000913   vPortSVCHandler
0000092d   vPortStartFirstTask
00000941   vPortEnableVFP
00000953   __aeabi_memcpy
00000953   __aeabi_memcpy4
00000953   __aeabi_memcpy8
00000953   memcpy
000009f1   vTaskSwitchContext
00000a8d   UARTgets
00000b25   __TI_auto_init
00000bb9   __aeabi_memclr
00000bb9   __aeabi_memclr4
00000bb9   __aeabi_memclr8
00000bbb   __aeabi_memset
00000bbb   __aeabi_memset4
00000bbb   __aeabi_memset8
00000bc1   memset
00000c31   xTaskRemoveFromEventList
00000ca1   xQueueGenericReset
00000dc5   ConfigureUART
00000e21   UARTStdioConfig
00000f1f   vApplicationStackOverflowHook
00000f6d   xQueueGenericCreate
00000fb9   UARTwrite
00001001   _c_int00
00001049   vTaskStartScheduler
00001091   copy_in
000010d5   vPortFree
00001119   __aeabi_uidivmod
0000115d   C$$EXIT
00001161   abort
00001169   exit
0000119d   xPortStartScheduler
00001217   vListInsert
00001251   vTaskDelay
000012b5   my_task1
000012e1   my_task2
0000130d   pxPortInitialiseStack
0000132f   memcmp
00001351   uxListRemove
00001375   xPortSysTickHandler
00001391   UARTprintf
000013ad   _args_main
000013c5   vListInsertEnd
000013dd   vListInitialise
00001409   _register_unlock
0000140f   _register_lock
00001417   _nop
0000141d   vPortEnterCritical
00001431   vPortExitCritical
00001445   __TI_zero_init
00001469   vPortYield
00001479   vTaskSuspendAll
00001489   __TI_decompress_none
0000149f   ResetISR
000014a5   UARTClockSourceSet
000014ab   __TI_decompress_rle24
000014b1   vListInitialiseItem
00001520   __TI_Handler_Table_Base
0000152c   __TI_Handler_Table_Limit
00001538   __TI_CINIT_Base
00001548   __TI_CINIT_Limit
200076ec   __stack
200078ec   __STACK_END
200078ec   __STACK_TOP
200078ec   pxCurrentTCB
20007924   _lock
20007928   _unlock
2000792c   _cleanup_ptr
20007930   _dtors_ptr
2000793c   Global_Queue_Handle
20007944   main_func_sp
ffffffff   __binit__
ffffffff   __c_args__
ffffffff   binit
UNDEFED    SHT$$INIT_ARRAY$$Base
UNDEFED    SHT$$INIT_ARRAY$$Limit

[90 symbols]
