******************************************************************************
                  TI ARM Linker PC v5.0.4                      
******************************************************************************
>> Linked Wed Apr 15 16:30:47 2015

OUTPUT FILE NAME:   <freertos_t00.out>
ENTRY POINT SYMBOL: "_c_int00"  address: 00000f89


MEMORY CONFIGURATION

         name            origin    length      used     unused   attr    fill
----------------------  --------  ---------  --------  --------  ----  --------
  FLASH                 00000000   00040000  0000144c  0003ebb4  R  X
  SRAM                  20000000   00008000  00007948  000006b8  RW X


SEGMENT ALLOCATION MAP

run origin  load origin   length   init length attrs members
----------  ----------- ---------- ----------- ----- -------
00000000    00000000    00001450   00001450    r-x
  00000000    00000000    0000026c   0000026c    r-- .intvecs
  0000026c    0000026c    00001156   00001156    r-x .text
  000013c4    000013c4    00000042   00000042    r-- .const
  00001408    00001408    00000048   00000048    r-- .cinit
20000000    20000000    000078ec   00000000    rw-
  20000000    20000000    000076ec   00000000    rw- .bss
  200076ec    200076ec    00000200   00000000    rw- .stack
200078ec    200078ec    0000005c   0000005c    rw-
  200078ec    200078ec    0000005c   0000005c    rw- .data


SECTION ALLOCATION MAP

 output                                  attributes/
section   page    origin      length       input sections
--------  ----  ----------  ----------   ----------------
.intvecs   0    00000000    0000026c     
                  00000000    0000026c     startup_ccs.obj (.intvecs)

.init_array 
*          0    00000000    00000000     UNINITIALIZED

.text      0    0000026c    00001156     
                  0000026c    000001ea     uartstdio.obj (.text:UARTvprintf)
                  00000456    00000002     startup_ccs.obj (.text:FaultISR)
                  00000458    00000118     tasks.obj (.text:xTaskIncrementTick)
                  00000570    000000d8     tasks.obj (.text:xTaskGenericCreate)
                  00000648    000000d0     tasks.obj (.text:xTaskResumeAll)
                  00000718    000000bc     freertos_t01.obj (.text:main)
                  000007d4    000000ac     heap_2.obj (.text:pvPortMalloc)
                  00000880    000000a6     portasm.obj (.text)
                  00000926    0000009c     rtsv7M4_T_le_v4SPD16_eabi.lib : memcpy_t2.obj (.text)
                  000009c2    00000002     startup_ccs.obj (.text:IntDefaultHandler)
                  000009c4    0000009c     tasks.obj (.text:vTaskSwitchContext)
                  00000a60    00000098     uartstdio.obj (.text:UARTgets)
                  00000af8    00000094     rtsv7M4_T_le_v4SPD16_eabi.lib : auto_init.obj (.text)
                  00000b8c    00000078                                   : memset_t2.obj (.text)
                  00000c04    00000070     tasks.obj (.text:xTaskRemoveFromEventList)
                  00000c74    00000064     queue.obj (.text:xQueueGenericReset)
                  00000cd8    00000060     tasks.obj (.text:prvInitialiseTaskLists)
                  00000d38    0000005e     rtsv7M4_T_le_v4SPD16_eabi.lib : copy_decompress_rle.obj (.text)
                  00000d96    00000002     startup_ccs.obj (.text:NmiSR)
                  00000d98    0000005c     freertos_t01.obj (.text:ConfigureUART)
                  00000df4    00000058     uartstdio.obj (.text:UARTStdioConfig)
                  00000e4c    00000058     tasks.obj (.text:prvCheckTasksWaitingTermination)
                  00000ea4    0000004e     tasks.obj (.text:prvInitialiseTCBVariables)
                  00000ef2    0000004c     queue.obj (.text:xQueueGenericCreate)
                  00000f3e    00000002     freertos_t01.obj (.text:vApplicationStackOverflowHook)
                  00000f40    00000048     uartstdio.obj (.text:UARTwrite)
                  00000f88    00000048     rtsv7M4_T_le_v4SPD16_eabi.lib : boot.obj (.text)
                  00000fd0    00000048     tasks.obj (.text:vTaskStartScheduler)
                  00001018    00000044     rtsv7M4_T_le_v4SPD16_eabi.lib : cpy_tbl.obj (.text)
                  0000105c    00000044     heap_2.obj (.text:vPortFree)
                  000010a0    00000042     rtsv7M4_T_le_v4SPD16_eabi.lib : u_divt2.obj (.text)
                  000010e2    00000002     --HOLE-- [fill = 0]
                  000010e4    00000040                                   : exit.obj (.text)
                  00001124    00000040     port.obj (.text:xPortStartScheduler)
                  00001164    0000003a     tasks.obj (.text:prvAllocateTCBAndStack)
                  0000119e    00000002     --HOLE-- [fill = 0]
                  000011a0    00000030     heap_2.obj (.text:prvHeapInit)
                  000011d0    00000023     freertos_t01.obj (.text:my_task1)
                  000011f3    00000001     --HOLE-- [fill = 0]
                  000011f4    00000023     freertos_t01.obj (.text:my_task2)
                  00001217    00000001     --HOLE-- [fill = 0]
                  00001218    00000022     port.obj (.text:pxPortInitialiseStack)
                  0000123a    00000022     rtsv7M4_T_le_v4SPD16_eabi.lib : memcmp.obj (.text)
                  0000125c    00000022     list.obj (.text:uxListRemove)
                  0000127e    00000002     --HOLE-- [fill = 0]
                  00001280    0000001c     port.obj (.text:xPortSysTickHandler)
                  0000129c    0000001a     uartstdio.obj (.text:UARTprintf)
                  000012b6    00000002     --HOLE-- [fill = 0]
                  000012b8    00000018     rtsv7M4_T_le_v4SPD16_eabi.lib : args_main.obj (.text)
                  000012d0    00000018     list.obj (.text:vListInsertEnd)
                  000012e8    00000016     list.obj (.text:vListInitialise)
                  000012fe    00000002     --HOLE-- [fill = 0]
                  00001300    00000014     port.obj (.text:prvSetupTimerInterrupt)
                  00001314    00000014     rtsv7M4_T_le_v4SPD16_eabi.lib : _lock.obj (.text)
                  00001328    00000014     port.obj (.text:vPortEnterCritical)
                  0000133c    00000014     port.obj (.text:vPortExitCritical)
                  00001350    00000012     rtsv7M4_T_le_v4SPD16_eabi.lib : copy_zero_init.obj (.text:decompress:ZI)
                  00001362    00000012     tasks.obj (.text:prvDeleteTCB)
                  00001374    00000010     port.obj (.text:vPortYield)
                  00001384    00000010     tasks.obj (.text:vTaskSuspendAll)
                  00001394    0000000e     rtsv7M4_T_le_v4SPD16_eabi.lib : copy_decompress_none.obj (.text:decompress:none)
                  000013a2    00000008     tasks.obj (.text:prvIdleTask)
                  000013aa    00000006     startup_ccs.obj (.text:ResetISR)
                  000013b0    00000006     driverlib.lib : uart.obj (.text:UARTClockSourceSet)
                  000013b6    00000006     rtsv7M4_T_le_v4SPD16_eabi.lib : copy_decompress_rle.obj (.text:decompress:rle24)
                  000013bc    00000006     list.obj (.text:vListInitialiseItem)

.const     0    000013c4    00000042     
                  000013c4    0000001c     uartstdio.obj (.const)
                  000013e0    00000014     tasks.obj (.const:.string)
                  000013f4    00000012     uartstdio.obj (.const:.string)

.cinit     0    00001408    00000048     
                  00001408    00000020     (.cinit..data.load) [load image, compression = rle]
                  00001428    0000000c     (__TI_handler_table)
                  00001434    00000004     --HOLE-- [fill = 0]
                  00001438    00000008     (.cinit..bss.load) [load image, compression = zero_init]
                  00001440    00000010     (__TI_cinit_table)

.bss       0    20000000    000076ec     UNINITIALIZED
                  20000000    00007530     heap_2.obj (.bss:ucHeap)
                  20007530    00000140     tasks.obj (.bss:pxReadyTasksLists)
                  20007670    0000006c     tasks.obj (.bss)
                  200076dc    00000010     heap_2.obj (.bss)

.stack     0    200076ec    00000200     UNINITIALIZED
                  200076ec    00000200     --HOLE--

.data      0    200078ec    0000005c     
                  200078ec    00000030     tasks.obj (.data)
                  2000791c    00000008     heap_2.obj (.data)
                  20007924    00000008     rtsv7M4_T_le_v4SPD16_eabi.lib : _lock.obj (.data)
                  2000792c    00000008                                   : exit.obj (.data)
                  20007934    00000005     uartstdio.obj (.data)
                  20007939    00000003     --HOLE--
                  2000793c    00000004     freertos_t01.obj (.data)
                  20007940    00000004     port.obj (.data)
                  20007944    00000004     rtsv7M4_T_le_v4SPD16_eabi.lib : stkdepth_vars.obj (.data)


LINKER GENERATED COPY TABLES

__TI_cinit_table @ 00001440 records: 2, size/record: 8, table size: 16
	.data: load addr=00001408, load size=00000020 bytes, run addr=200078ec, run size=0000005c bytes, compression=rle
	.bss: load addr=00001438, load size=00000008 bytes, run addr=20000000, run size=000076ec bytes, compression=zero_init


LINKER GENERATED HANDLER TABLE

__TI_handler_table @ 00001428 records: 3, size/record: 4, table size: 12
	index: 0, handler: __TI_decompress_rle24
	index: 1, handler: __TI_decompress_none
	index: 2, handler: __TI_zero_init


GLOBAL SYMBOLS: SORTED ALPHABETICALLY BY Name 

address    name
--------   ----
000010e5   C$$EXIT
00000d99   ConfigureUART
2000793c   Global_Queue_Handle
000013ab   ResetISR
UNDEFED    SHT$$INIT_ARRAY$$Base
UNDEFED    SHT$$INIT_ARRAY$$Limit
000013b1   UARTClockSourceSet
00000df5   UARTStdioConfig
00000a61   UARTgets
0000129d   UARTprintf
0000026d   UARTvprintf
00000f41   UARTwrite
200078ec   __STACK_END
00000200   __STACK_SIZE
200078ec   __STACK_TOP
00001440   __TI_CINIT_Base
00001450   __TI_CINIT_Limit
00001428   __TI_Handler_Table_Base
00001434   __TI_Handler_Table_Limit
00000001   __TI_args_main
00000af9   __TI_auto_init
00001395   __TI_decompress_none
000013b7   __TI_decompress_rle24
00000000   __TI_static_base__
00001351   __TI_zero_init
00000b8d   __aeabi_memclr
00000b8d   __aeabi_memclr4
00000b8d   __aeabi_memclr8
00000927   __aeabi_memcpy
00000927   __aeabi_memcpy4
00000927   __aeabi_memcpy8
00000b8f   __aeabi_memset
00000b8f   __aeabi_memset4
00000b8f   __aeabi_memset8
000010a1   __aeabi_uidivmod
ffffffff   __binit__
ffffffff   __c_args__
200076ec   __stack
000012b9   _args_main
00000f89   _c_int00
2000792c   _cleanup_ptr
20007930   _dtors_ptr
20007924   _lock
00001323   _nop
0000131b   _register_lock
00001315   _register_unlock
20007928   _unlock
000010e9   abort
ffffffff   binit
00001019   copy_in
000010f1   exit
00000000   g_pfnVectors
00000719   main
20007944   main_func_sp
0000123b   memcmp
00000927   memcpy
00000b95   memset
000011d1   my_task1
000011f5   my_task2
000007d5   pvPortMalloc
200078ec   pxCurrentTCB
00001219   pxPortInitialiseStack
0000125d   uxListRemove
00000f3f   vApplicationStackOverflowHook
000012e9   vListInitialise
000013bd   vListInitialiseItem
000012d1   vListInsertEnd
000008dd   vPortClearInterruptMask
00000915   vPortEnableVFP
00001329   vPortEnterCritical
0000133d   vPortExitCritical
0000105d   vPortFree
000008e7   vPortSVCHandler
000008d3   vPortSetInterruptMask
00000901   vPortStartFirstTask
00001375   vPortYield
00000fd1   vTaskStartScheduler
00001385   vTaskSuspendAll
000009c5   vTaskSwitchContext
00000885   xPortPendSVHandler
00001125   xPortStartScheduler
00001281   xPortSysTickHandler
00000ef3   xQueueGenericCreate
00000c75   xQueueGenericReset
00000571   xTaskGenericCreate
00000459   xTaskIncrementTick
00000c05   xTaskRemoveFromEventList
00000649   xTaskResumeAll


GLOBAL SYMBOLS: SORTED BY Symbol Address 

address    name
--------   ----
00000000   __TI_static_base__
00000000   g_pfnVectors
00000001   __TI_args_main
00000200   __STACK_SIZE
0000026d   UARTvprintf
00000459   xTaskIncrementTick
00000571   xTaskGenericCreate
00000649   xTaskResumeAll
00000719   main
000007d5   pvPortMalloc
00000885   xPortPendSVHandler
000008d3   vPortSetInterruptMask
000008dd   vPortClearInterruptMask
000008e7   vPortSVCHandler
00000901   vPortStartFirstTask
00000915   vPortEnableVFP
00000927   __aeabi_memcpy
00000927   __aeabi_memcpy4
00000927   __aeabi_memcpy8
00000927   memcpy
000009c5   vTaskSwitchContext
00000a61   UARTgets
00000af9   __TI_auto_init
00000b8d   __aeabi_memclr
00000b8d   __aeabi_memclr4
00000b8d   __aeabi_memclr8
00000b8f   __aeabi_memset
00000b8f   __aeabi_memset4
00000b8f   __aeabi_memset8
00000b95   memset
00000c05   xTaskRemoveFromEventList
00000c75   xQueueGenericReset
00000d99   ConfigureUART
00000df5   UARTStdioConfig
00000ef3   xQueueGenericCreate
00000f3f   vApplicationStackOverflowHook
00000f41   UARTwrite
00000f89   _c_int00
00000fd1   vTaskStartScheduler
00001019   copy_in
0000105d   vPortFree
000010a1   __aeabi_uidivmod
000010e5   C$$EXIT
000010e9   abort
000010f1   exit
00001125   xPortStartScheduler
000011d1   my_task1
000011f5   my_task2
00001219   pxPortInitialiseStack
0000123b   memcmp
0000125d   uxListRemove
00001281   xPortSysTickHandler
0000129d   UARTprintf
000012b9   _args_main
000012d1   vListInsertEnd
000012e9   vListInitialise
00001315   _register_unlock
0000131b   _register_lock
00001323   _nop
00001329   vPortEnterCritical
0000133d   vPortExitCritical
00001351   __TI_zero_init
00001375   vPortYield
00001385   vTaskSuspendAll
00001395   __TI_decompress_none
000013ab   ResetISR
000013b1   UARTClockSourceSet
000013b7   __TI_decompress_rle24
000013bd   vListInitialiseItem
00001428   __TI_Handler_Table_Base
00001434   __TI_Handler_Table_Limit
00001440   __TI_CINIT_Base
00001450   __TI_CINIT_Limit
200076ec   __stack
200078ec   __STACK_END
200078ec   __STACK_TOP
200078ec   pxCurrentTCB
20007924   _lock
20007928   _unlock
2000792c   _cleanup_ptr
20007930   _dtors_ptr
2000793c   Global_Queue_Handle
20007944   main_func_sp
ffffffff   __binit__
ffffffff   __c_args__
ffffffff   binit
UNDEFED    SHT$$INIT_ARRAY$$Base
UNDEFED    SHT$$INIT_ARRAY$$Limit

[88 symbols]
