******************************************************************************
                  TI ARM Linker PC v5.0.4                      
******************************************************************************
>> Linked Thu Apr 16 15:19:45 2015

OUTPUT FILE NAME:   <freertos_t00.out>
ENTRY POINT SYMBOL: "_c_int00"  address: 00001031


MEMORY CONFIGURATION

         name            origin    length      used     unused   attr    fill
----------------------  --------  ---------  --------  --------  ----  --------
  FLASH                 00000000   00040000  00001544  0003eabc  R  X
  SRAM                  20000000   00008000  00007948  000006b8  RW X


SEGMENT ALLOCATION MAP

run origin  load origin   length   init length attrs members
----------  ----------- ---------- ----------- ----- -------
00000000    00000000    00001548   00001548    r-x
  00000000    00000000    0000026c   0000026c    r-- .intvecs
  0000026c    0000026c    0000124e   0000124e    r-x .text
  000014bc    000014bc    00000042   00000042    r-- .const
  00001500    00001500    00000048   00000048    r-- .cinit
20000000    20000000    000078ec   00000000    rw-
  20000000    20000000    000076ec   00000000    rw- .bss
  200076ec    200076ec    00000200   00000000    rw- .stack
200078ec    200078ec    0000005c   0000005c    rw-
  200078ec    200078ec    0000005c   0000005c    rw- .data


SECTION ALLOCATION MAP

 output                                  attributes/
section   page    origin      length       input sections
--------  ----  ----------  ----------   ----------------
.intvecs   0    00000000    0000026c     
                  00000000    0000026c     startup_ccs.obj (.intvecs)

.init_array 
*          0    00000000    00000000     UNINITIALIZED

.text      0    0000026c    0000124e     
                  0000026c    000001ea     uartstdio.obj (.text:UARTvprintf)
                  00000456    00000002     startup_ccs.obj (.text:FaultISR)
                  00000458    00000118     tasks.obj (.text:xTaskIncrementTick)
                  00000570    000000d8     tasks.obj (.text:xTaskGenericCreate)
                  00000648    000000d0     tasks.obj (.text:xTaskResumeAll)
                  00000718    000000c0     freertos_t01.obj (.text:main)
                  000007d8    000000ac     heap_2.obj (.text:pvPortMalloc)
                  00000884    000000a6     portasm.obj (.text)
                  0000092a    0000009c     rtsv7M4_T_le_v4SPD16_eabi.lib : memcpy_t2.obj (.text)
                  000009c6    00000002     startup_ccs.obj (.text:IntDefaultHandler)
                  000009c8    0000009c     tasks.obj (.text:vTaskSwitchContext)
                  00000a64    00000098     uartstdio.obj (.text:UARTgets)
                  00000afc    00000094     rtsv7M4_T_le_v4SPD16_eabi.lib : auto_init.obj (.text)
                  00000b90    00000078                                   : memset_t2.obj (.text)
                  00000c08    00000070     tasks.obj (.text:xTaskRemoveFromEventList)
                  00000c78    00000064     queue.obj (.text:xQueueGenericReset)
                  00000cdc    00000060     tasks.obj (.text:prvInitialiseTaskLists)
                  00000d3c    0000005e     rtsv7M4_T_le_v4SPD16_eabi.lib : copy_decompress_rle.obj (.text)
                  00000d9a    00000002     startup_ccs.obj (.text:NmiSR)
                  00000d9c    0000005c     freertos_t01.obj (.text:ConfigureUART)
                  00000df8    00000058     uartstdio.obj (.text:UARTStdioConfig)
                  00000e50    00000058     freertos_t01.obj (.text:my_task1)
                  00000ea8    00000058     tasks.obj (.text:prvCheckTasksWaitingTermination)
                  00000f00    0000004e     tasks.obj (.text:prvInitialiseTCBVariables)
                  00000f4e    00000002     freertos_t01.obj (.text:vApplicationStackOverflowHook)
                  00000f50    0000004c     tasks.obj (.text:prvAddCurrentTaskToDelayedList)
                  00000f9c    0000004c     queue.obj (.text:xQueueGenericCreate)
                  00000fe8    00000048     uartstdio.obj (.text:UARTwrite)
                  00001030    00000048     rtsv7M4_T_le_v4SPD16_eabi.lib : boot.obj (.text)
                  00001078    00000048     tasks.obj (.text:vTaskStartScheduler)
                  000010c0    00000044     rtsv7M4_T_le_v4SPD16_eabi.lib : cpy_tbl.obj (.text)
                  00001104    00000044     heap_2.obj (.text:vPortFree)
                  00001148    00000042     rtsv7M4_T_le_v4SPD16_eabi.lib : u_divt2.obj (.text)
                  0000118a    00000002     --HOLE-- [fill = 0]
                  0000118c    00000040                                   : exit.obj (.text)
                  000011cc    00000040     port.obj (.text:xPortStartScheduler)
                  0000120c    0000003a     tasks.obj (.text:prvAllocateTCBAndStack)
                  00001246    00000038     list.obj (.text:vListInsert)
                  0000127e    00000002     --HOLE-- [fill = 0]
                  00001280    00000034     tasks.obj (.text:vTaskDelay)
                  000012b4    00000030     heap_2.obj (.text:prvHeapInit)
                  000012e4    0000002b     freertos_t01.obj (.text:my_task2)
                  0000130f    00000001     --HOLE-- [fill = 0]
                  00001310    00000022     port.obj (.text:pxPortInitialiseStack)
                  00001332    00000022     rtsv7M4_T_le_v4SPD16_eabi.lib : memcmp.obj (.text)
                  00001354    00000022     list.obj (.text:uxListRemove)
                  00001376    00000002     --HOLE-- [fill = 0]
                  00001378    0000001c     port.obj (.text:xPortSysTickHandler)
                  00001394    0000001a     uartstdio.obj (.text:UARTprintf)
                  000013ae    00000002     --HOLE-- [fill = 0]
                  000013b0    00000018     rtsv7M4_T_le_v4SPD16_eabi.lib : args_main.obj (.text)
                  000013c8    00000018     list.obj (.text:vListInsertEnd)
                  000013e0    00000016     list.obj (.text:vListInitialise)
                  000013f6    00000002     --HOLE-- [fill = 0]
                  000013f8    00000014     port.obj (.text:prvSetupTimerInterrupt)
                  0000140c    00000014     rtsv7M4_T_le_v4SPD16_eabi.lib : _lock.obj (.text)
                  00001420    00000014     port.obj (.text:vPortEnterCritical)
                  00001434    00000014     port.obj (.text:vPortExitCritical)
                  00001448    00000012     rtsv7M4_T_le_v4SPD16_eabi.lib : copy_zero_init.obj (.text:decompress:ZI)
                  0000145a    00000012     tasks.obj (.text:prvDeleteTCB)
                  0000146c    00000010     port.obj (.text:vPortYield)
                  0000147c    00000010     tasks.obj (.text:vTaskSuspendAll)
                  0000148c    0000000e     rtsv7M4_T_le_v4SPD16_eabi.lib : copy_decompress_none.obj (.text:decompress:none)
                  0000149a    00000008     tasks.obj (.text:prvIdleTask)
                  000014a2    00000006     startup_ccs.obj (.text:ResetISR)
                  000014a8    00000006     driverlib.lib : uart.obj (.text:UARTClockSourceSet)
                  000014ae    00000006     rtsv7M4_T_le_v4SPD16_eabi.lib : copy_decompress_rle.obj (.text:decompress:rle24)
                  000014b4    00000006     list.obj (.text:vListInitialiseItem)

.const     0    000014bc    00000042     
                  000014bc    0000001c     uartstdio.obj (.const)
                  000014d8    00000014     tasks.obj (.const:.string)
                  000014ec    00000012     uartstdio.obj (.const:.string)

.cinit     0    00001500    00000048     
                  00001500    00000020     (.cinit..data.load) [load image, compression = rle]
                  00001520    0000000c     (__TI_handler_table)
                  0000152c    00000004     --HOLE-- [fill = 0]
                  00001530    00000008     (.cinit..bss.load) [load image, compression = zero_init]
                  00001538    00000010     (__TI_cinit_table)

.bss       0    20000000    000076ec     UNINITIALIZED
                  20000000    00007530     heap_2.obj (.bss:ucHeap)
                  20007530    00000140     tasks.obj (.bss:pxReadyTasksLists)
                  20007670    0000006c     tasks.obj (.bss)
                  200076dc    00000010     heap_2.obj (.bss)

.stack     0    200076ec    00000200     UNINITIALIZED
                  200076ec    00000200     --HOLE--

.data      0    200078ec    0000005c     
                  200078ec    00000030     tasks.obj (.data)
                  2000791c    00000008     heap_2.obj (.data)
                  20007924    00000008     rtsv7M4_T_le_v4SPD16_eabi.lib : _lock.obj (.data)
                  2000792c    00000008                                   : exit.obj (.data)
                  20007934    00000005     uartstdio.obj (.data)
                  20007939    00000003     --HOLE--
                  2000793c    00000004     freertos_t01.obj (.data)
                  20007940    00000004     port.obj (.data)
                  20007944    00000004     rtsv7M4_T_le_v4SPD16_eabi.lib : stkdepth_vars.obj (.data)


LINKER GENERATED COPY TABLES

__TI_cinit_table @ 00001538 records: 2, size/record: 8, table size: 16
	.data: load addr=00001500, load size=00000020 bytes, run addr=200078ec, run size=0000005c bytes, compression=rle
	.bss: load addr=00001530, load size=00000008 bytes, run addr=20000000, run size=000076ec bytes, compression=zero_init


LINKER GENERATED HANDLER TABLE

__TI_handler_table @ 00001520 records: 3, size/record: 4, table size: 12
	index: 0, handler: __TI_decompress_rle24
	index: 1, handler: __TI_decompress_none
	index: 2, handler: __TI_zero_init


GLOBAL SYMBOLS: SORTED ALPHABETICALLY BY Name 

address    name
--------   ----
0000118d   C$$EXIT
00000d9d   ConfigureUART
2000793c   Global_Queue_Handle
000014a3   ResetISR
UNDEFED    SHT$$INIT_ARRAY$$Base
UNDEFED    SHT$$INIT_ARRAY$$Limit
000014a9   UARTClockSourceSet
00000df9   UARTStdioConfig
00000a65   UARTgets
00001395   UARTprintf
0000026d   UARTvprintf
00000fe9   UARTwrite
200078ec   __STACK_END
00000200   __STACK_SIZE
200078ec   __STACK_TOP
00001538   __TI_CINIT_Base
00001548   __TI_CINIT_Limit
00001520   __TI_Handler_Table_Base
0000152c   __TI_Handler_Table_Limit
00000001   __TI_args_main
00000afd   __TI_auto_init
0000148d   __TI_decompress_none
000014af   __TI_decompress_rle24
00000000   __TI_static_base__
00001449   __TI_zero_init
00000b91   __aeabi_memclr
00000b91   __aeabi_memclr4
00000b91   __aeabi_memclr8
0000092b   __aeabi_memcpy
0000092b   __aeabi_memcpy4
0000092b   __aeabi_memcpy8
00000b93   __aeabi_memset
00000b93   __aeabi_memset4
00000b93   __aeabi_memset8
00001149   __aeabi_uidivmod
ffffffff   __binit__
ffffffff   __c_args__
200076ec   __stack
000013b1   _args_main
00001031   _c_int00
2000792c   _cleanup_ptr
20007930   _dtors_ptr
20007924   _lock
0000141b   _nop
00001413   _register_lock
0000140d   _register_unlock
20007928   _unlock
00001191   abort
ffffffff   binit
000010c1   copy_in
00001199   exit
00000000   g_pfnVectors
00000719   main
20007944   main_func_sp
00001333   memcmp
0000092b   memcpy
00000b99   memset
00000e51   my_task1
000012e5   my_task2
000007d9   pvPortMalloc
200078ec   pxCurrentTCB
00001311   pxPortInitialiseStack
00001355   uxListRemove
00000f4f   vApplicationStackOverflowHook
000013e1   vListInitialise
000014b5   vListInitialiseItem
00001247   vListInsert
000013c9   vListInsertEnd
000008e1   vPortClearInterruptMask
00000919   vPortEnableVFP
00001421   vPortEnterCritical
00001435   vPortExitCritical
00001105   vPortFree
000008eb   vPortSVCHandler
000008d7   vPortSetInterruptMask
00000905   vPortStartFirstTask
0000146d   vPortYield
00001281   vTaskDelay
00001079   vTaskStartScheduler
0000147d   vTaskSuspendAll
000009c9   vTaskSwitchContext
00000889   xPortPendSVHandler
000011cd   xPortStartScheduler
00001379   xPortSysTickHandler
00000f9d   xQueueGenericCreate
00000c79   xQueueGenericReset
00000571   xTaskGenericCreate
00000459   xTaskIncrementTick
00000c09   xTaskRemoveFromEventList
00000649   xTaskResumeAll


GLOBAL SYMBOLS: SORTED BY Symbol Address 

address    name
--------   ----
00000000   __TI_static_base__
00000000   g_pfnVectors
00000001   __TI_args_main
00000200   __STACK_SIZE
0000026d   UARTvprintf
00000459   xTaskIncrementTick
00000571   xTaskGenericCreate
00000649   xTaskResumeAll
00000719   main
000007d9   pvPortMalloc
00000889   xPortPendSVHandler
000008d7   vPortSetInterruptMask
000008e1   vPortClearInterruptMask
000008eb   vPortSVCHandler
00000905   vPortStartFirstTask
00000919   vPortEnableVFP
0000092b   __aeabi_memcpy
0000092b   __aeabi_memcpy4
0000092b   __aeabi_memcpy8
0000092b   memcpy
000009c9   vTaskSwitchContext
00000a65   UARTgets
00000afd   __TI_auto_init
00000b91   __aeabi_memclr
00000b91   __aeabi_memclr4
00000b91   __aeabi_memclr8
00000b93   __aeabi_memset
00000b93   __aeabi_memset4
00000b93   __aeabi_memset8
00000b99   memset
00000c09   xTaskRemoveFromEventList
00000c79   xQueueGenericReset
00000d9d   ConfigureUART
00000df9   UARTStdioConfig
00000e51   my_task1
00000f4f   vApplicationStackOverflowHook
00000f9d   xQueueGenericCreate
00000fe9   UARTwrite
00001031   _c_int00
00001079   vTaskStartScheduler
000010c1   copy_in
00001105   vPortFree
00001149   __aeabi_uidivmod
0000118d   C$$EXIT
00001191   abort
00001199   exit
000011cd   xPortStartScheduler
00001247   vListInsert
00001281   vTaskDelay
000012e5   my_task2
00001311   pxPortInitialiseStack
00001333   memcmp
00001355   uxListRemove
00001379   xPortSysTickHandler
00001395   UARTprintf
000013b1   _args_main
000013c9   vListInsertEnd
000013e1   vListInitialise
0000140d   _register_unlock
00001413   _register_lock
0000141b   _nop
00001421   vPortEnterCritical
00001435   vPortExitCritical
00001449   __TI_zero_init
0000146d   vPortYield
0000147d   vTaskSuspendAll
0000148d   __TI_decompress_none
000014a3   ResetISR
000014a9   UARTClockSourceSet
000014af   __TI_decompress_rle24
000014b5   vListInitialiseItem
00001520   __TI_Handler_Table_Base
0000152c   __TI_Handler_Table_Limit
00001538   __TI_CINIT_Base
00001548   __TI_CINIT_Limit
200076ec   __stack
200078ec   __STACK_END
200078ec   __STACK_TOP
200078ec   pxCurrentTCB
20007924   _lock
20007928   _unlock
2000792c   _cleanup_ptr
20007930   _dtors_ptr
2000793c   Global_Queue_Handle
20007944   main_func_sp
ffffffff   __binit__
ffffffff   __c_args__
ffffffff   binit
UNDEFED    SHT$$INIT_ARRAY$$Base
UNDEFED    SHT$$INIT_ARRAY$$Limit

[90 symbols]
